// Jest Snapshot v1, https://goo.gl/fbAQLP

exports[`renders correctly 1`] = `
.emotion-0 {
  color: #fff;
  font-size: 16px;
  background-color: #448AFF;
  box-shadow: 0 1px 3px rgba(0,0,0,0.24),0 1px 2px rgba(0,0,0,0.36);
  min-width: 64px;
  border-radius: 3px;
}

.emotion-0:hover:enabled {
  background-color: #6aa2ff;
}

.emotion-0:active:enabled {
  background-color: #1e72ff;
}

.emotion-0:disabled {
  background-color: #bfbfbf;
}

.emotion-1 {
  display: -webkit-box;
  display: -webkit-flex;
  display: -ms-flexbox;
  display: flex;
  -webkit-flex-direction: column;
  -ms-flex-direction: column;
  flex-direction: column;
  -webkit-box-pack: justify;
  -webkit-justify-content: space-between;
  -ms-flex-pack: justify;
  justify-content: space-between;
  margin-bottom: 16px;
}

.emotion-1 > * {
  box-shadow: 0 1px 3px rgba(0,0,0,0.24),0 1px 2px rgba(0,0,0,0.36);
}

.emotion-1 input {
  width: 100%;
  padding: 12px 8px;
  margin-bottom: 16px;
  border-radius: 3px;
}

.emotion-1 button {
  min-height: 36px;
  min-width: 104px;
}

@media (min-width:576px) {
  .emotion-1 {
    -webkit-flex-direction: row;
    -ms-flex-direction: row;
    flex-direction: row;
  }

  .emotion-1 > *:first-of-type {
    margin-bottom: 0;
  }

  .emotion-1 input {
    padding: 12px 8px;
    width: 77%;
  }
}

<form
  className="emotion-1"
  onSubmit={[Function]}
>
  <input
    onChange={[Function]}
    placeholder="ID of Steam application (e.g. 881100)"
    value=""
  />
  <button
    className="emotion-0"
    type="submit"
  >
    Parse
  </button>
</form>
`;
